I'm sorry, but errors were detected in your script. Please correct the
errors listed below, and try again.


File "game/script/chapter1.rpy", line 535: expected statement.
    repeat
          ^

Ren'Py Version: Ren'Py 8.0.1.22070801
Thu Sep  1 03:09:29 2022
